JournalArticle START